[debug] [2026-09-20T06:39:08.911Z] ----------------------------------------------------------------------
[debug] [2026-09-20T06:39:08.914Z] Command:       C:\nvm4w\nodejs\node.exe C:\Users\zahid\AppData\Roaming\npm\node_modules\firebase-tools\lib\bin\firebase.js deploy --only hosting
[debug] [2026-09-20T06:39:08.914Z] CLI Version:   15.19.1
[debug] [2026-09-20T06:39:08.914Z] Platform:      win32
[debug] [2026-09-20T06:39:08.914Z] Node Version:  v20.20.1
[debug] [2026-09-20T06:39:08.915Z] Time:          Sun Sep 20 2026 00:39:08 GMT-0600 (hora estándar central)
[debug] [2026-09-20T06:39:08.915Z] ----------------------------------------------------------------------
[debug] 
[debug] [2026-09-20T06:39:08.918Z] >>> [apiv2][query] GET https://firebase-public.firebaseio.com/cli.json [none]
[debug] [2026-09-20T06:39:45.213Z] > command requires scopes: ["email","openid","https://www.googleapis.com/auth/cloudplatformprojects.readonly","https://www.googleapis.com/auth/firebase","https://www.googleapis.com/auth/cloud-platform"]
[debug] [2026-09-20T06:39:45.214Z] > authorizing via signed-in user (20233l001139@utcv.edu.mx)
[debug] [2026-09-20T06:39:45.214Z] [iam] checking project hipertensionarterialsistemica1 for permissions ["firebase.projects.get","firebasehosting.sites.update"]
[debug] [2026-09-20T06:39:45.215Z] Checked if tokens are valid: false, expires at: 1789293051951
[debug] [2026-09-20T06:39:45.215Z] Checked if tokens are valid: false, expires at: 1789293051951
[debug] [2026-09-20T06:39:45.215Z] > refreshing access token with scopes: []
[debug] [2026-09-20T06:39:45.220Z] >>> [apiv2][query] POST https://www.googleapis.com/oauth2/v3/token [none]
[debug] [2026-09-20T06:39:45.220Z] >>> [apiv2][body] POST https://www.googleapis.com/oauth2/v3/token [omitted]
[debug] [2026-09-20T06:39:45.400Z] <<< [apiv2][status] GET https://firebase-public.firebaseio.com/cli.json 200
[debug] [2026-09-20T06:39:45.401Z] <<< [apiv2][body] GET https://firebase-public.firebaseio.com/cli.json {"cloudBuildErrorAfter":1594252800000,"cloudBuildWarnAfter":1590019200000,"defaultNode10After":1594252800000,"minVersion":"3.0.5","node8DeploysDisabledAfter":1613390400000,"node8RuntimeDisabledAfter":1615809600000,"node8WarnAfter":1600128000000}
[debug] [2026-09-20T06:39:45.428Z] <<< [apiv2][status] POST https://www.googleapis.com/oauth2/v3/token 200
[debug] [2026-09-20T06:39:45.428Z] <<< [apiv2][body] POST https://www.googleapis.com/oauth2/v3/token [omitted]
[debug] [2026-09-20T06:39:45.448Z] >>> [apiv2][query] POST https://cloudresourcemanager.googleapis.com/v1/projects/hipertensionarterialsistemica1:testIamPermissions [none]
[debug] [2026-09-20T06:39:45.448Z] >>> [apiv2][(partial)header] POST https://cloudresourcemanager.googleapis.com/v1/projects/hipertensionarterialsistemica1:testIamPermissions  x-goog-user-project=hipertensionarterialsistemica1
[debug] [2026-09-20T06:39:45.448Z] >>> [apiv2][body] POST https://cloudresourcemanager.googleapis.com/v1/projects/hipertensionarterialsistemica1:testIamPermissions {"permissions":["firebase.projects.get","firebasehosting.sites.update"]}
[debug] [2026-09-20T06:39:45.796Z] <<< [apiv2][status] POST https://cloudresourcemanager.googleapis.com/v1/projects/hipertensionarterialsistemica1:testIamPermissions 200
[debug] [2026-09-20T06:39:45.796Z] <<< [apiv2][body] POST https://cloudresourcemanager.googleapis.com/v1/projects/hipertensionarterialsistemica1:testIamPermissions {"permissions":["firebase.projects.get","firebasehosting.sites.update"]}
[debug] [2026-09-20T06:39:45.798Z] Checked if tokens are valid: true, expires at: 1789889984428
[debug] [2026-09-20T06:39:45.799Z] Checked if tokens are valid: true, expires at: 1789889984428
[debug] [2026-09-20T06:39:45.799Z] >>> [apiv2][query] GET https://firebase.googleapis.com/v1beta1/projects/hipertensionarterialsistemica1 [none]
[debug] [2026-09-20T06:39:46.098Z] <<< [apiv2][status] GET https://firebase.googleapis.com/v1beta1/projects/hipertensionarterialsistemica1 200
[debug] [2026-09-20T06:39:46.098Z] <<< [apiv2][body] GET https://firebase.googleapis.com/v1beta1/projects/hipertensionarterialsistemica1 {"projectId":"hipertensionarterialsistemica1","projectNumber":"895386114852","displayName":"HipertensionArterialSistemica","name":"projects/hipertensionarterialsistemica1","resources":{"hostingSite":"hipertensionarterialsistemica1"},"state":"ACTIVE","labels":{"firebase":"enabled"},"etag":"1_aba3952b-9b3e-4141-9ec4-df09e96e74f3"}
[info] 
[info] === Deploying to 'hipertensionarterialsistemica1'...
[info] 
[info] i  deploying hosting 
[debug] [2026-09-20T06:39:46.103Z] Checked if tokens are valid: true, expires at: 1789889984428
[debug] [2026-09-20T06:39:46.103Z] Checked if tokens are valid: true, expires at: 1789889984428
[debug] [2026-09-20T06:39:46.104Z] >>> [apiv2][query] GET https://firebasehosting.googleapis.com/v1beta1/projects/hipertensionarterialsistemica1/sites/hipertensionarterialsistemica1 [none]
[debug] [2026-09-20T06:39:46.555Z] <<< [apiv2][status] GET https://firebasehosting.googleapis.com/v1beta1/projects/hipertensionarterialsistemica1/sites/hipertensionarterialsistemica1 200
[debug] [2026-09-20T06:39:46.555Z] <<< [apiv2][body] GET https://firebasehosting.googleapis.com/v1beta1/projects/hipertensionarterialsistemica1/sites/hipertensionarterialsistemica1 {"name":"projects/hipertensionarterialsistemica1/sites/hipertensionarterialsistemica1","defaultUrl":"https://hipertensionarterialsistemica1.web.app","type":"DEFAULT_SITE"}
[debug] [2026-09-20T06:39:46.557Z] Checked if tokens are valid: true, expires at: 1789889984428
[debug] [2026-09-20T06:39:46.557Z] Checked if tokens are valid: true, expires at: 1789889984428
[debug] [2026-09-20T06:39:46.558Z] >>> [apiv2][query] POST https://firebasehosting.googleapis.com/v1beta1/projects/-/sites/hipertensionarterialsistemica1/versions [none]
[debug] [2026-09-20T06:39:46.558Z] >>> [apiv2][body] POST https://firebasehosting.googleapis.com/v1beta1/projects/-/sites/hipertensionarterialsistemica1/versions {"status":"CREATED","labels":{"deployment-tool":"cli-firebase"}}
[debug] [2026-09-20T06:39:46.946Z] <<< [apiv2][status] POST https://firebasehosting.googleapis.com/v1beta1/projects/-/sites/hipertensionarterialsistemica1/versions 200
[debug] [2026-09-20T06:39:46.946Z] <<< [apiv2][body] POST https://firebasehosting.googleapis.com/v1beta1/projects/-/sites/hipertensionarterialsistemica1/versions {"name":"projects/895386114852/sites/hipertensionarterialsistemica1/versions/a5113032815795c4","status":"CREATED","config":{},"labels":{"deployment-tool":"cli-firebase"}}
[info] i  hosting[hipertensionarterialsistemica1]: beginning deploy... 
[info] i  hosting[hipertensionarterialsistemica1]: found 53 files in dist/LandingPageHTAS/browser 
[debug] [2026-09-20T06:39:46.974Z] [hosting] uploading with 200 concurrency
[debug] [2026-09-20T06:39:47.096Z] Checked if tokens are valid: true, expires at: 1789889984428
[debug] [2026-09-20T06:39:47.096Z] Checked if tokens are valid: true, expires at: 1789889984428
[debug] [2026-09-20T06:39:47.100Z] [hosting] hash cache [ZGlzdFxMYW5kaW5nUGFnZUhUQVNcYnJvd3Nlcg] stored for 53 files
[debug] [2026-09-20T06:39:47.100Z] [hosting][hash queue][FINAL] {"max":103,"min":0,"avg":27.436447834599555,"active":0,"complete":53,"success":53,"errored":0,"retried":0,"total":53,"elapsed":110}
[debug] [2026-09-20T06:39:47.101Z] >>> [apiv2][query] POST https://firebasehosting.googleapis.com/v1beta1/projects/895386114852/sites/hipertensionarterialsistemica1/versions/a5113032815795c4:populateFiles [none]
[debug] [2026-09-20T06:39:47.101Z] >>> [apiv2][body] POST https://firebasehosting.googleapis.com/v1beta1/projects/895386114852/sites/hipertensionarterialsistemica1/versions/a5113032815795c4:populateFiles {"files":{"/favicon.ico":"a905b13e228420df3dbe746dfb656d37a49736494c0737d00e007c8dc7319912","/assets/logs/laptop3d_2.png":"65550cbde8c8dcc6929f44faf76ecdcdaf53a5cf7bbda8a5f34e01582c16265c","/assets/logs/laptop3d.png":"2ebfd19eae0ba8c73010def05c353d6321b7e030a211d48ee9d3038c81cf0ee3","/assets/logs/baumanometro.png":"fe2c418c3fecebdbd3ea3bf046bfd488ac0aa784dfbac5c8d40ac40e9071dfe1","/assets/images/pulserahtas2.jpeg":"f7d42587395773ce36472ef3bb593a00d29e9ba4a1141726a41d7ff1f6b80933","/assets/images/pulserahtas.jpeg":"ca3cc0b55fd0792ec19a378aff4b387f2c8b43c60ecd37778147bb09c5ad7bf8","/assets/images/pulsera.png":"89d73f88c6e234992d8853534dc85b235aa1e54e877276c0248d4d422e4403cb","/assets/images/pchtas.png":"cc420954899adeaf84659d3a951e33a8decac07f1b725c5dfeb655ce8b7f46cd","/assets/images/laptophtas3.png":"df92dd621a466d1ad5531c505cdbc3ea42276d32098991c1012ac1fafa87816e","/assets/images/laptophtas2.png":"968496489806457b3c378a42c193bcb7488c29ebaf83130b7088754b06d36aaa","/assets/images/laptophtas.jpg":"d8db24726967c1bb4296c1c4e6459a5782c05978162e2a1b7bb88ca4858ca4d0","/assets/images/Imagen4.png":"4c1f80baadd36e228e1b3c1ca389678b04df96f7433cd45c1cbf0f13a416fa7b","/assets/images/Imagen3.png":"678706c2e9f6d773beb4f5bea10655040ca0ecaa809736f932f44a9280fa806f","/assets/images/Imagen2.png":"dddd7ee5bdf68ba620c5b8e5d5c02822112a7d6e06a0c1a06cae08f1b72d9eb7","/assets/images/Imagen1.png":"c4c4e4d6b2b8f91f2311fdb0c4a2ba1c295d4c9a70f090b2c866453e702dc1fb","/assets/images/favicon.ico":"a905b13e228420df3dbe746dfb656d37a49736494c0737d00e007c8dc7319912","/assets/images/celhtas4.png":"0606f5a557bbe255316231feb32364a42f33b8f5636c4201fb3066ef69de77ee","/assets/images/celhtas3.jpeg":"a1a9754b568effb81d303280153ec451347aee443894bb1689529a761504a0af","/assets/images/celhtas2.jpeg":"eec286fd6ce8c4fb85d445f9567f9141f3c288c0fddae4911588e37dc0365478","/assets/images/celhtas.png":"04799d8524c7381dea76c71987f2e7536a1c4017a6c8f364998894b17ce77df4","/assets/images/baumanometrohtas2.jpg":"7bdb60138b611b67490d8c4dc537886aa8f1e01114c227d0de80477b4ec56f86","/assets/images/baumanometrohtas.jpg":"54b8c4438bc6b6699aa5a4f07d5158e860255020d9bc3746bedbe50fd647b248","/assets/images/baumanometro.png":"fe2c418c3fecebdbd3ea3bf046bfd488ac0aa784dfbac5c8d40ac40e9071dfe1","/main-X43PJWYI.js":"398810650c9e2dd39264df60fc0f8d46573e09f1b73fe0f2958d4953576c915b","/index.html":"bbc77c955b414614a4ecd37c4c40b7281ce6d98f79abeab8c155a2d6076229cf","/chunk-Z74MFONA.js":"ccca7b7a4a0c79ad4d7cfa79e583066be88e91c183c42eb02cd157461822ef36","/chunk-ZBXXVFG3.js":"a619ebc60495d8a44dc57552f4fcf9efd33bc31660c4e241acd3394d182810cd","/chunk-VLA3IKBE.js":"2ff89480222e38a32b42be8f91bb9988839c2e033919040eaef347a7afe63d1f","/chunk-Z5FY476B.js":"2dff5cded6ec4730c50c691dd5bb0fc90d24528f2a196a4b30e1e1940f67f0eb","/chunk-MRBLVOXE.js":"8d2679ca5bbd01b27761e190d6fdf329d2bfdbde31a9b649e1554b69bd0f2d68","/chunk-KGIJPFYK.js":"d40e185b454a24cb0e5a383d945a3f5e27bfa7a6f2e0ad1aad7021244619a65f","/chunk-GOVAFTCQ.js":"cf46f0ae0eef63461711b282268b5f6c33a93674343f99259ef9fd4b5b523876","/chunk-IFGU66OU.js":"6b093665e63190cd66ce5b08cfb2180e7f810c8514168ddf55d330afd3b708a4","/chunk-FK6H3RFT.js":"fab0832c8f067246657564475277ae5d7f0ff32ea1cfad01162f50e264ed5419","/chunk-L67OHTT5.js":"853322cc46aa0b667787a415a3c869cb69d52e52e0c8dac9433f92a3484369f7","/chunk-KGYARWPQ.js":"720cb8176019f3524f19221b8536a3668dba68c6d27b217433eee87f41423e38","/chunk-C573KHX5.js":"e148b18968677d966e66fd2f2f4757a1ff3491946d856d8f5f5d17deb4c6df27","/chunk-3SJW2DGQ.js":"d38695d0d533fc02850a1c0ffa3f75a6565ed062a1a3583f8c0f794666e2a19b","/chunk-CNEW4KMB.js":"359c836fcebd8530a3e62c3f3a697a1e320d76bf00d67b2b0e6d3b4464054d90","/chunk-WD2I4I4M.js":"3661d8e1ee1d1f8508d4183d9be2b8360e0f489c6192708c22b9e15407d69c2d","/chunk-ZRTOEE3E.js":"dc2618600ccdba7b9b24eabe4558b84151c76504ae2cad4a838579fd707f9964","/chunk-VKPJK3JO.js":"715f756b731fb6b4512865fdd4796fbd6823f26846566620e513a77f7115ceeb","/chunk-RIT2XE5K.js":"9acd13ca3af0f959b1a94e1829250617adc501966d18f4efe9e06653f4ba7904","/media/bootstrap-icons-CVBWLLHT.woff2":"9bbd1a9a4f2c1815120516b2f5df05a97e5078c62268e2f6a2a36d8d54b6b725","/chunk-EQVVNVWM.js":"8bf103060bf2934bd8140c1c2513fa90a472fe1b335753822b937322357fe6d7","/chunk-4KGYUFXX.js":"b87d098394b3f35995464b193adde94d52e94b57677231fe37d5cc8e5dc88be9","/media/bootstrap-icons-VQNJTM6Q.woff":"4a0b4e72f5538b3f1a654d4a54031127a6337e84e8664502dbdeb3abcdc326d6","/styles-WPMU4URG.css":"752e17a20d1b002535df4ae2cdfd506c94998a8c5a36271936f1eadc49a33427","/chunk-GJK35JWM.js":"43682e537cabc5343ded4faf0737c7a9605acc42e75ed186558182b547005ffa","/chunk-M7UFGPA3.js":"d84886ee7665b05cfc092dd110ac1a825ff55310a08bfc4b3bab0773d135e58f","/chunk-ZHNPY2S6.js":"90326c933102244cb55cdb09700668a1aa1021a79b29b501ed1f1713e2b93ae0","/chunk-7JNG236W.js":"e291de9bf765432bbefd6ade6e398a2a72f8d71493d52fe5e40acf9bdf4e20a8","/chunk-XHAIPNC7.js":"63623f1d7dbb36ae80cde65968f9cceaca3d4ab726ee9e30df14ed1604d26731"}}
[debug] [2026-09-20T06:39:47.345Z] <<< [apiv2][status] POST https://firebasehosting.googleapis.com/v1beta1/projects/895386114852/sites/hipertensionarterialsistemica1/versions/a5113032815795c4:populateFiles 200
[debug] [2026-09-20T06:39:47.345Z] <<< [apiv2][body] POST https://firebasehosting.googleapis.com/v1beta1/projects/895386114852/sites/hipertensionarterialsistemica1/versions/a5113032815795c4:populateFiles {"uploadRequiredHashes":["bbc77c955b414614a4ecd37c4c40b7281ce6d98f79abeab8c155a2d6076229cf","63623f1d7dbb36ae80cde65968f9cceaca3d4ab726ee9e30df14ed1604d26731","8bf103060bf2934bd8140c1c2513fa90a472fe1b335753822b937322357fe6d7","43682e537cabc5343ded4faf0737c7a9605acc42e75ed186558182b547005ffa","90326c933102244cb55cdb09700668a1aa1021a79b29b501ed1f1713e2b93ae0","398810650c9e2dd39264df60fc0f8d46573e09f1b73fe0f2958d4953576c915b","8d2679ca5bbd01b27761e190d6fdf329d2bfdbde31a9b649e1554b69bd0f2d68"],"uploadUrl":"https://upload-firebasehosting.googleapis.com/upload/sites/hipertensionarterialsistemica1/versions/a5113032815795c4/files"}
[debug] [2026-09-20T06:39:47.347Z] Checked if tokens are valid: true, expires at: 1789889984428
[debug] [2026-09-20T06:39:47.347Z] Checked if tokens are valid: true, expires at: 1789889984428
[debug] [2026-09-20T06:39:47.348Z] Checked if tokens are valid: true, expires at: 1789889984428
[debug] [2026-09-20T06:39:47.348Z] Checked if tokens are valid: true, expires at: 1789889984428
[debug] [2026-09-20T06:39:47.348Z] Checked if tokens are valid: true, expires at: 1789889984428
[debug] [2026-09-20T06:39:47.348Z] Checked if tokens are valid: true, expires at: 1789889984428
[debug] [2026-09-20T06:39:47.349Z] Checked if tokens are valid: true, expires at: 1789889984428
[debug] [2026-09-20T06:39:47.349Z] Checked if tokens are valid: true, expires at: 1789889984428
[debug] [2026-09-20T06:39:47.349Z] Checked if tokens are valid: true, expires at: 1789889984428
[debug] [2026-09-20T06:39:47.349Z] Checked if tokens are valid: true, expires at: 1789889984428
[debug] [2026-09-20T06:39:47.350Z] Checked if tokens are valid: true, expires at: 1789889984428
[debug] [2026-09-20T06:39:47.350Z] Checked if tokens are valid: true, expires at: 1789889984428
[debug] [2026-09-20T06:39:47.350Z] Checked if tokens are valid: true, expires at: 1789889984428
[debug] [2026-09-20T06:39:47.350Z] Checked if tokens are valid: true, expires at: 1789889984428
[debug] [2026-09-20T06:39:47.350Z] >>> [apiv2][query] POST https://upload-firebasehosting.googleapis.com/upload/sites/hipertensionarterialsistemica1/versions/a5113032815795c4/files/bbc77c955b414614a4ecd37c4c40b7281ce6d98f79abeab8c155a2d6076229cf [none]
[debug] [2026-09-20T06:39:47.350Z] >>> [apiv2][body] POST https://upload-firebasehosting.googleapis.com/upload/sites/hipertensionarterialsistemica1/versions/a5113032815795c4/files/bbc77c955b414614a4ecd37c4c40b7281ce6d98f79abeab8c155a2d6076229cf [stream]
[debug] [2026-09-20T06:39:47.353Z] >>> [apiv2][query] POST https://upload-firebasehosting.googleapis.com/upload/sites/hipertensionarterialsistemica1/versions/a5113032815795c4/files/63623f1d7dbb36ae80cde65968f9cceaca3d4ab726ee9e30df14ed1604d26731 [none]
[debug] [2026-09-20T06:39:47.353Z] >>> [apiv2][body] POST https://upload-firebasehosting.googleapis.com/upload/sites/hipertensionarterialsistemica1/versions/a5113032815795c4/files/63623f1d7dbb36ae80cde65968f9cceaca3d4ab726ee9e30df14ed1604d26731 [stream]
[debug] [2026-09-20T06:39:47.355Z] >>> [apiv2][query] POST https://upload-firebasehosting.googleapis.com/upload/sites/hipertensionarterialsistemica1/versions/a5113032815795c4/files/8bf103060bf2934bd8140c1c2513fa90a472fe1b335753822b937322357fe6d7 [none]
[debug] [2026-09-20T06:39:47.355Z] >>> [apiv2][body] POST https://upload-firebasehosting.googleapis.com/upload/sites/hipertensionarterialsistemica1/versions/a5113032815795c4/files/8bf103060bf2934bd8140c1c2513fa90a472fe1b335753822b937322357fe6d7 [stream]
[debug] [2026-09-20T06:39:47.356Z] >>> [apiv2][query] POST https://upload-firebasehosting.googleapis.com/upload/sites/hipertensionarterialsistemica1/versions/a5113032815795c4/files/43682e537cabc5343ded4faf0737c7a9605acc42e75ed186558182b547005ffa [none]
[debug] [2026-09-20T06:39:47.356Z] >>> [apiv2][body] POST https://upload-firebasehosting.googleapis.com/upload/sites/hipertensionarterialsistemica1/versions/a5113032815795c4/files/43682e537cabc5343ded4faf0737c7a9605acc42e75ed186558182b547005ffa [stream]
[debug] [2026-09-20T06:39:47.357Z] >>> [apiv2][query] POST https://upload-firebasehosting.googleapis.com/upload/sites/hipertensionarterialsistemica1/versions/a5113032815795c4/files/90326c933102244cb55cdb09700668a1aa1021a79b29b501ed1f1713e2b93ae0 [none]
[debug] [2026-09-20T06:39:47.357Z] >>> [apiv2][body] POST https://upload-firebasehosting.googleapis.com/upload/sites/hipertensionarterialsistemica1/versions/a5113032815795c4/files/90326c933102244cb55cdb09700668a1aa1021a79b29b501ed1f1713e2b93ae0 [stream]
[debug] [2026-09-20T06:39:47.361Z] >>> [apiv2][query] POST https://upload-firebasehosting.googleapis.com/upload/sites/hipertensionarterialsistemica1/versions/a5113032815795c4/files/398810650c9e2dd39264df60fc0f8d46573e09f1b73fe0f2958d4953576c915b [none]
[debug] [2026-09-20T06:39:47.361Z] >>> [apiv2][body] POST https://upload-firebasehosting.googleapis.com/upload/sites/hipertensionarterialsistemica1/versions/a5113032815795c4/files/398810650c9e2dd39264df60fc0f8d46573e09f1b73fe0f2958d4953576c915b [stream]
[debug] [2026-09-20T06:39:47.362Z] >>> [apiv2][query] POST https://upload-firebasehosting.googleapis.com/upload/sites/hipertensionarterialsistemica1/versions/a5113032815795c4/files/8d2679ca5bbd01b27761e190d6fdf329d2bfdbde31a9b649e1554b69bd0f2d68 [none]
[debug] [2026-09-20T06:39:47.362Z] >>> [apiv2][body] POST https://upload-firebasehosting.googleapis.com/upload/sites/hipertensionarterialsistemica1/versions/a5113032815795c4/files/8d2679ca5bbd01b27761e190d6fdf329d2bfdbde31a9b649e1554b69bd0f2d68 [stream]
[debug] [2026-09-20T06:39:47.363Z] [hosting][populate queue][FINAL] {"max":254,"min":254,"avg":254,"active":0,"complete":1,"success":1,"errored":0,"retried":0,"total":1,"elapsed":267}
[debug] [2026-09-20T06:39:47.363Z] [hosting] uploads queued: 7
[debug] [2026-09-20T06:39:48.123Z] <<< [apiv2][status] POST https://upload-firebasehosting.googleapis.com/upload/sites/hipertensionarterialsistemica1/versions/a5113032815795c4/files/63623f1d7dbb36ae80cde65968f9cceaca3d4ab726ee9e30df14ed1604d26731 200
[debug] [2026-09-20T06:39:48.124Z] <<< [apiv2][body] POST https://upload-firebasehosting.googleapis.com/upload/sites/hipertensionarterialsistemica1/versions/a5113032815795c4/files/63623f1d7dbb36ae80cde65968f9cceaca3d4ab726ee9e30df14ed1604d26731 [stream]
[debug] [2026-09-20T06:39:48.132Z] <<< [apiv2][status] POST https://upload-firebasehosting.googleapis.com/upload/sites/hipertensionarterialsistemica1/versions/a5113032815795c4/files/43682e537cabc5343ded4faf0737c7a9605acc42e75ed186558182b547005ffa 200
[debug] [2026-09-20T06:39:48.132Z] <<< [apiv2][body] POST https://upload-firebasehosting.googleapis.com/upload/sites/hipertensionarterialsistemica1/versions/a5113032815795c4/files/43682e537cabc5343ded4faf0737c7a9605acc42e75ed186558182b547005ffa [stream]
[debug] [2026-09-20T06:39:48.173Z] <<< [apiv2][status] POST https://upload-firebasehosting.googleapis.com/upload/sites/hipertensionarterialsistemica1/versions/a5113032815795c4/files/8bf103060bf2934bd8140c1c2513fa90a472fe1b335753822b937322357fe6d7 200
[debug] [2026-09-20T06:39:48.173Z] <<< [apiv2][body] POST https://upload-firebasehosting.googleapis.com/upload/sites/hipertensionarterialsistemica1/versions/a5113032815795c4/files/8bf103060bf2934bd8140c1c2513fa90a472fe1b335753822b937322357fe6d7 [stream]
[debug] [2026-09-20T06:39:48.177Z] <<< [apiv2][status] POST https://upload-firebasehosting.googleapis.com/upload/sites/hipertensionarterialsistemica1/versions/a5113032815795c4/files/90326c933102244cb55cdb09700668a1aa1021a79b29b501ed1f1713e2b93ae0 200
[debug] [2026-09-20T06:39:48.177Z] <<< [apiv2][body] POST https://upload-firebasehosting.googleapis.com/upload/sites/hipertensionarterialsistemica1/versions/a5113032815795c4/files/90326c933102244cb55cdb09700668a1aa1021a79b29b501ed1f1713e2b93ae0 [stream]
[debug] [2026-09-20T06:39:48.199Z] <<< [apiv2][status] POST https://upload-firebasehosting.googleapis.com/upload/sites/hipertensionarterialsistemica1/versions/a5113032815795c4/files/8d2679ca5bbd01b27761e190d6fdf329d2bfdbde31a9b649e1554b69bd0f2d68 200
[debug] [2026-09-20T06:39:48.200Z] <<< [apiv2][body] POST https://upload-firebasehosting.googleapis.com/upload/sites/hipertensionarterialsistemica1/versions/a5113032815795c4/files/8d2679ca5bbd01b27761e190d6fdf329d2bfdbde31a9b649e1554b69bd0f2d68 [stream]
[debug] [2026-09-20T06:39:48.201Z] <<< [apiv2][status] POST https://upload-firebasehosting.googleapis.com/upload/sites/hipertensionarterialsistemica1/versions/a5113032815795c4/files/bbc77c955b414614a4ecd37c4c40b7281ce6d98f79abeab8c155a2d6076229cf 200
[debug] [2026-09-20T06:39:48.201Z] <<< [apiv2][body] POST https://upload-firebasehosting.googleapis.com/upload/sites/hipertensionarterialsistemica1/versions/a5113032815795c4/files/bbc77c955b414614a4ecd37c4c40b7281ce6d98f79abeab8c155a2d6076229cf [stream]
[debug] [2026-09-20T06:39:48.552Z] <<< [apiv2][status] POST https://upload-firebasehosting.googleapis.com/upload/sites/hipertensionarterialsistemica1/versions/a5113032815795c4/files/398810650c9e2dd39264df60fc0f8d46573e09f1b73fe0f2958d4953576c915b 200
[debug] [2026-09-20T06:39:48.553Z] <<< [apiv2][body] POST https://upload-firebasehosting.googleapis.com/upload/sites/hipertensionarterialsistemica1/versions/a5113032815795c4/files/398810650c9e2dd39264df60fc0f8d46573e09f1b73fe0f2958d4953576c915b [stream]
[debug] [2026-09-20T06:39:48.553Z] [hosting][upload queue][FINAL] {"max":1204,"min":777,"avg":875,"active":0,"complete":7,"success":7,"errored":0,"retried":0,"total":7,"elapsed":1208}
[info] +  hosting[hipertensionarterialsistemica1]: file upload complete 
[debug] [2026-09-20T06:39:48.555Z] [hosting] deploy completed after 1605ms
[debug] [2026-09-20T06:39:48.555Z] [
  {
    "config": {
      "public": "dist/LandingPageHTAS/browser",
      "ignore": [
        "firebase.json",
        "**/.*",
        "**/node_modules/**"
      ],
      "rewrites": [
        {
          "source": "**",
          "destination": "/index.html"
        }
      ],
      "site": "hipertensionarterialsistemica1"
    },
    "version": "projects/895386114852/sites/hipertensionarterialsistemica1/versions/a5113032815795c4"
  }
]
[info] i  hosting[hipertensionarterialsistemica1]: finalizing version... 
[debug] [2026-09-20T06:39:48.562Z] Checked if tokens are valid: true, expires at: 1789889984428
[debug] [2026-09-20T06:39:48.562Z] Checked if tokens are valid: true, expires at: 1789889984428
[debug] [2026-09-20T06:39:48.568Z] >>> [apiv2][query] PATCH https://firebasehosting.googleapis.com/v1beta1/projects/-/sites/hipertensionarterialsistemica1/versions/a5113032815795c4 updateMask=status%2Cconfig
[debug] [2026-09-20T06:39:48.568Z] >>> [apiv2][body] PATCH https://firebasehosting.googleapis.com/v1beta1/projects/-/sites/hipertensionarterialsistemica1/versions/a5113032815795c4 {"status":"FINALIZED","config":{"rewrites":[{"glob":"**","path":"/index.html"}]}}
[debug] [2026-09-20T06:39:48.793Z] <<< [apiv2][status] PATCH https://firebasehosting.googleapis.com/v1beta1/projects/-/sites/hipertensionarterialsistemica1/versions/a5113032815795c4 200
[debug] [2026-09-20T06:39:48.793Z] <<< [apiv2][body] PATCH https://firebasehosting.googleapis.com/v1beta1/projects/-/sites/hipertensionarterialsistemica1/versions/a5113032815795c4 {"name":"projects/895386114852/sites/hipertensionarterialsistemica1/versions/a5113032815795c4","status":"FINALIZED","config":{"rewrites":[{"glob":"**","path":"/index.html"}]},"labels":{"deployment-tool":"cli-firebase"},"createTime":"2026-09-20T06:39:46.770542Z","createUser":{"email":"20233l001139@utcv.edu.mx"},"finalizeTime":"2026-09-20T06:39:48.853410Z","finalizeUser":{"email":"20233l001139@utcv.edu.mx"}}
[debug] [2026-09-20T06:39:48.793Z] [hosting] finalized version for hipertensionarterialsistemica1:[object Object]
[info] +  hosting[hipertensionarterialsistemica1]: version finalized 
[info] i  hosting[hipertensionarterialsistemica1]: releasing new version... 
[debug] [2026-09-20T06:39:48.794Z] Checked if tokens are valid: true, expires at: 1789889984428
[debug] [2026-09-20T06:39:48.794Z] Checked if tokens are valid: true, expires at: 1789889984428
[debug] [2026-09-20T06:39:48.794Z] >>> [apiv2][query] POST https://firebasehosting.googleapis.com/v1beta1/projects/-/sites/hipertensionarterialsistemica1/channels/live/releases versionName=projects%2F895386114852%2Fsites%2Fhipertensionarterialsistemica1%2Fversions%2Fa5113032815795c4
[debug] [2026-09-20T06:39:48.794Z] >>> [apiv2][body] POST https://firebasehosting.googleapis.com/v1beta1/projects/-/sites/hipertensionarterialsistemica1/channels/live/releases {}
[debug] [2026-09-20T06:39:49.091Z] <<< [apiv2][status] POST https://firebasehosting.googleapis.com/v1beta1/projects/-/sites/hipertensionarterialsistemica1/channels/live/releases 200
[debug] [2026-09-20T06:39:49.091Z] <<< [apiv2][body] POST https://firebasehosting.googleapis.com/v1beta1/projects/-/sites/hipertensionarterialsistemica1/channels/live/releases {"name":"projects/895386114852/sites/hipertensionarterialsistemica1/channels/live/releases/1789886388532000","version":{"name":"projects/895386114852/sites/hipertensionarterialsistemica1/versions/a5113032815795c4","status":"FINALIZED","config":{"rewrites":[{"glob":"**","path":"/index.html"}]},"labels":{"deployment-tool":"cli-firebase"},"createTime":"2026-09-20T06:39:46.770542Z","createUser":{"email":"20233l001139@utcv.edu.mx","imageUrl":"https://lh3.googleusercontent.com/a/ACg8ocKtYMdWpDuRKntjdAaiMfNk4kRB3zDjUcB_RnV1pIycup8ZVw=mo"},"finalizeTime":"2026-09-20T06:39:48.853410Z","finalizeUser":{"email":"20233l001139@utcv.edu.mx","imageUrl":"https://lh3.googleusercontent.com/a/ACg8ocKtYMdWpDuRKntjdAaiMfNk4kRB3zDjUcB_RnV1pIycup8ZVw=mo"}},"type":"DEPLOY","releaseTime":"2026-09-20T06:39:48.532Z","releaseUser":{"email":"20233l001139@utcv.edu.mx","imageUrl":"https://lh3.googleusercontent.com/a/ACg8ocKtYMdWpDuRKntjdAaiMfNk4kRB3zDjUcB_RnV1pIycup8ZVw=mo"}}
[debug] [2026-09-20T06:39:49.091Z] [hosting] release: {"name":"projects/895386114852/sites/hipertensionarterialsistemica1/channels/live/releases/1789886388532000","version":{"name":"projects/895386114852/sites/hipertensionarterialsistemica1/versions/a5113032815795c4","status":"FINALIZED","config":{"rewrites":[{"glob":"**","path":"/index.html"}]},"labels":{"deployment-tool":"cli-firebase"},"createTime":"2026-09-20T06:39:46.770542Z","createUser":{"email":"20233l001139@utcv.edu.mx","imageUrl":"https://lh3.googleusercontent.com/a/ACg8ocKtYMdWpDuRKntjdAaiMfNk4kRB3zDjUcB_RnV1pIycup8ZVw=mo"},"finalizeTime":"2026-09-20T06:39:48.853410Z","finalizeUser":{"email":"20233l001139@utcv.edu.mx","imageUrl":"https://lh3.googleusercontent.com/a/ACg8ocKtYMdWpDuRKntjdAaiMfNk4kRB3zDjUcB_RnV1pIycup8ZVw=mo"}},"type":"DEPLOY","releaseTime":"2026-09-20T06:39:48.532Z","releaseUser":{"email":"20233l001139@utcv.edu.mx","imageUrl":"https://lh3.googleusercontent.com/a/ACg8ocKtYMdWpDuRKntjdAaiMfNk4kRB3zDjUcB_RnV1pIycup8ZVw=mo"}}
[info] +  hosting[hipertensionarterialsistemica1]: release complete 
[info] 
[info] +  Deploy complete! 
[info] 
[info] Project Console: https://console.firebase.google.com/project/hipertensionarterialsistemica1/overview
[info] Hosting URL: https://hipertensionarterialsistemica1.web.app
[debug] [2026-09-20T06:39:49.098Z] Error: EBUSY: resource busy or locked, unlink 'C:\Users\zahid\Documents\HTAS\Arquitectura\FrontEnd\firebase-debug.log'
    at Object.unlinkSync (node:fs:1889:11)
    at process.<anonymous> (C:\Users\zahid\AppData\Roaming\npm\node_modules\firebase-tools\lib\bin\cli.js:44:16)
    at process.emit (node:events:536:35)
    at process.processEmit [as emit] (C:\Users\zahid\AppData\Roaming\npm\node_modules\firebase-tools\node_modules\restore-cursor\node_modules\signal-exit\index.js:191:37)
    at process.exit (node:internal/process/per_thread:184:15)
    at C:\Users\zahid\AppData\Roaming\npm\node_modules\firebase-tools\lib\command.js:131:25
    at process.processTicksAndRejections (node:internal/process/task_queues:95:5)
[error] 
[error] Error: An unexpected error has occurred.
